mode: set
server-fiber/tests/test_helpers.go:18.34,20.2 1 0
server-fiber/tests/test_helpers.go:23.49,26.2 2 0
server-fiber/tests/test_helpers.go:29.110,31.2 1 0
server-fiber/tests/test_helpers.go:34.112,39.35 4 0
server-fiber/tests/test_helpers.go:39.35,41.3 1 0
server-fiber/tests/test_helpers.go:45.115,50.48 4 0
server-fiber/tests/test_helpers.go:50.48,52.3 1 0
server-fiber/tests/test_helpers.go:56.88,58.17 2 0
server-fiber/tests/test_helpers.go:58.17,60.3 1 0
server-fiber/tests/test_helpers.go:61.2,61.12 1 0
server-fiber/tests/test_helpers.go:75.42,79.2 1 0
server-fiber/tests/test_helpers.go:81.74,83.2 1 0
server-fiber/tests/test_helpers.go:88.30,90.2 1 0
server-fiber/tests/test_helpers.go:93.68,106.2 1 0
server-fiber/tests/test_helpers.go:109.64,114.2 1 0
